// Jest Snapshot v1, https://goo.gl/fbAQLP

exports[`Board should render correctly in "debug" mode 1`] = `
<div
  className="row"
>
  <div
    className="col-sm"
  >
    <div
      className="row"
    >
      <span>
        <button
          onClick={[Function]}
        >
          Reset
        </button>
      </span>
    </div>
    <div
      className="row"
    >
      <span>
        Winner = 
      </span>
    </div>
    <div
      className="row"
    >
      <span>
        Next Player = 
      </span>
      <span
        id="winner"
      >
        X
      </span>
    </div>
    <div
      className="row"
    >
      <button
        className="square"
        id="1"
        key="1"
        onClick={[Function]}
      />
      <button
        className="square"
        id="2"
        key="2"
        onClick={[Function]}
      />
      <button
        className="square"
        id="3"
        key="3"
        onClick={[Function]}
      />
    </div>
    <div
      className="row"
    >
      <button
        className="square"
        id="4"
        key="4"
        onClick={[Function]}
      />
      <button
        className="square"
        id="5"
        key="5"
        onClick={[Function]}
      />
      <button
        className="square"
        id="6"
        key="6"
        onClick={[Function]}
      />
    </div>
    <div
      className="row"
    >
      <button
        className="square"
        id="7"
        key="7"
        onClick={[Function]}
      />
      <button
        className="square"
        id="8"
        key="8"
        onClick={[Function]}
      />
      <button
        className="square"
        id="9"
        key="9"
        onClick={[Function]}
      />
    </div>
  </div>
  <div
    className="col-sm"
  >
    <ul />
  </div>
</div>
`;
